bowling                d= 4 (2184.2s) grass3=-105  grassK=-105  grassU=-104.5  grass2=-104  golden2=-104  es5=-102  golden2loc=-102
plinko_funnel          d= 7 ( 66.0s) grass2=-57.12  grass3=-57  grassU=-53.12  grassK=-52.5  golden2=-50.5  es5=-0.625  golden2loc=-0.375
pool                   d= 3 (  2.5s) grass3=-100  golden2loc=-100  golden2=-100  es5=-100  grassK=-100  grassU=-99.99  grass2=-99.99
trebuchet              d= 4 (  2.2s) golden2=-68.46  grassU=-60.85  grass2=-59.16  grass3=-36.16  grassK=-33.15  es5=0  golden2loc=0
mini_golf              d= 3 (  2.4s) grass2=-100  es5=-100  grass3=-98.12  golden2loc=-95.46  grassK=-95.37  grassU=-91.21  golden2=-90.66
curling                d= 4 (  2.3s) golden2=-96.97  grassK=-94.55  grassU=-93.21  grass2=-92.16  grass3=-91.38  es5=0  golden2loc=0
slingshot              d= 3 ( 15.3s) grass2=-8.5  grass3=-8  grassK=-8  grassU=-8  golden2=-8  es5=0  golden2loc=0
free_kick              d= 4 (  8.1s) golden2=-105.2  grass2=-43.69  grassU=-39.5  grassK=-39.33  grass3=-32.92  es5=-16.84  golden2loc=-7.931
goalkeeper_punt        d= 4 (  6.0s) es5=-108  golden2=-107.3  golden2loc=-106.4  grass3=-106.3  grassU=-106.3  grass2=-106.2  grassK=-105.5
darts_aim              d= 2 (  6.6s) grassU=-14.49  golden2=-14.13  es5=-13.53  grass3=-13.25  grassK=-12.64  golden2loc=-12.6  grass2=-12.25
brachistochrone        d= 8 (  2.0s) golden2=49.66  grassU=51.2  es5=51.29  grass3=51.54  grass2=53.86  grassK=54.59  golden2loc=58.6
rocket_landing         d=12 (  6.1s) grass2=-75.89  golden2=-44.16  grass3=-1.863  grassU=19.65  es5=55  grassK=71.06  golden2loc=142.6
tuned_mass_damper      d= 4 (264.6s) es5=-43.21  golden2=-41.88  grassU=-39.05  grass2=-37.27  golden2loc=-35.99  grass3=-35.86  grassK=-34.35
robot_arm              d= 6 (  2.2s) grass2=-80.26  grassU=-78.08  grass3=-75  grassK=-70.88  golden2=-70.1  es5=-39.09  golden2loc=-14.76
cart_pole_policy       d= 5 (  9.7s) grass2=-368.8  golden2=-351.9  grassU=-282.5  grassK=-237.9  grass3=-214.2  es5=-9.75  golden2loc=-9.75
walking_creature       d= 6 ( 13.2s) es5=-67.27  grass2=-62.35  golden2=-57.32  grass3=-53.08  grassU=-50.01  grassK=-47.44  golden2loc=-41.27
boids_flocking         d= 5 (547.5s) grass3=-100  grass2=-100  grassK=-100  grassU=-100  golden2=-98.75  es5=-61.88  golden2loc=-43.75
tennis_doubles         d= 6 (  8.2s) grass3=-91.67  grass2=-91.67  grassK=-91.67  grassU=-91.67  golden2=-83.33  es5=-58.33  golden2loc=-50
lennard_jones_cluster  d=15 (  2.0s) golden2=-5.872  es5=-5.812  grassK=-5.032  grassU=-4.839  golden2loc=-4.8  grass2=-4.244  grass3=-4.069
bridge_truss           d=10 (  3.2s) golden2=56.84  grassK=71.06  grassU=71.11  es5=75.93  grass3=80.38  grass2=86.11  golden2loc=119.3
wind_farm              d=16 (  5.4s) grass3=-94.14  grass2=-93.8  grassK=-93.34  grassU=-92.97  es5=-91.12  golden2=-90.57  golden2loc=-89.98
satellite_phasing      d= 6 (  2.0s) es5=1.212  grass3=1.252  grassK=1.26  golden2loc=1.28  grassU=1.308  grass2=1.4  golden2=1.88
wrote ablation_results.json
