bowling              (rough, d=4, 2302.4s) grass3=-104.5  brent=-104  golden6=-104  golden2=-104  random=-104
                       grass3 vs golden2: 7/12 wins (1 ties)
                       grass3 vs golden6: 8/12 wins (0 ties)
                       grass3 vs brent  : 5/12 wins (3 ties)
plinko_funnel        (rough, d=7,  65.7s) grass3=-56.38  golden2=-49.5  golden6=-47.88  random=-46.88  brent=-28.38
                       grass3 vs golden2: 20/24 wins (0 ties)
                       grass3 vs golden6: 20/24 wins (0 ties)
                       grass3 vs brent  : 21/24 wins (0 ties)
morton_schwefel_d2   (rough, d=1,   0.8s) random=-0.164  brent=0.1673  grass3=0.734  golden6=0.9974  golden2=1.034
                       grass3 vs golden2: 14/24 wins (4 ties)
                       grass3 vs golden6: 14/24 wins (4 ties)
                       grass3 vs brent  : 3/24 wins (2 ties)
morton_rastrigin_d2  (rough, d=1,   0.8s) brent=0.9495  random=0.9688  grass3=3.126  golden2=3.702  golden6=3.702
                       grass3 vs golden2: 10/24 wins (3 ties)
                       grass3 vs golden6: 10/24 wins (3 ties)
                       grass3 vs brent  : 3/24 wins (1 ties)
pool                 (smooth, d=3,   0.9s) brent=-100  golden6=-100  grass3=-100  golden2=-100  random=-99.56
                       grass3 vs golden2: 12/24 wins (0 ties)
                       grass3 vs golden6: 11/24 wins (0 ties)
                       grass3 vs brent  : 5/24 wins (0 ties)
mini_golf            (smooth, d=3,   0.8s) golden6=-100  brent=-100  grass3=-98.12  random=-95.91  golden2=-90.66
                       grass3 vs golden2: 17/24 wins (0 ties)
                       grass3 vs golden6: 4/24 wins (5 ties)
                       grass3 vs brent  : 4/24 wins (5 ties)
rosenbrock_d3        (smooth, d=3,   0.6s) brent=7.948e+04  golden6=1.038e+05  grass3=3.52e+05  golden2=9.413e+05  random=6.253e+06
                       grass3 vs golden2: 15/24 wins (0 ties)
                       grass3 vs golden6: 9/24 wins (0 ties)
                       grass3 vs brent  : 8/24 wins (0 ties)
wrote results.json
