plinko_funnel  B=  40 grass2U rank 3/5  cmaes=-34.12  golden2=-34  grass2U=-33.5  golden6=-22.62  brent=-2  (101.0s)
plinko_funnel  B= 120 grass2U rank 2/5  cmaes=-57.38  grass2U=-57.12  golden2=-49.5  golden6=-47.88  brent=-28.38  (201.7s)
plinko_funnel  B= 360 grass2U rank 2/5  cmaes=-59  grass2U=-58.88  golden6=-58.25  brent=-54.75  golden2=-53.5  (267.2s)
plinko_funnel  B=1080 grass2U rank 2/5  cmaes=-59.5  grass2U=-59  golden6=-59  brent=-58.62  golden2=-54.5  (983.6s)
wind_farm      B=  40 grass2U rank 2/5  golden6=-90.89  grass2U=-89.57  brent=-88.56  golden2=-88.31  cmaes=-86.74  (  1.9s)
wind_farm      B= 120 grass2U rank 1/5  grass2U=-94.44  golden6=-93.61  cmaes=-91.97  brent=-91  golden2=-90.57  (  6.8s)
wind_farm      B= 360 grass2U rank 1/5  grass2U=-96.27  golden6=-96.15  cmaes=-95.79  brent=-93.97  golden2=-93.63  ( 20.0s)
wind_farm      B=1080 grass2U rank 3/5  cmaes=-99.28  golden6=-97.78  grass2U=-97.35  brent=-96.57  golden2=-95.18  ( 65.7s)
robot_arm      B=  40 grass2U rank 1/5  grass2U=-64.89  golden6=-54.93  golden2=-51.47  cmaes=-40.38  brent=-25.36  (  0.3s)
robot_arm      B= 120 grass2U rank 1/5  grass2U=-89.09  golden6=-75.38  cmaes=-73.7  golden2=-70.1  brent=-60.13  (  1.4s)
robot_arm      B= 360 grass2U rank 1/5  grass2U=-93.27  golden2=-92.08  cmaes=-91.33  golden6=-89.84  brent=-75.14  (  5.5s)
robot_arm      B=1080 grass2U rank 1/5  grass2U=-96.14  golden2=-94.66  brent=-94.35  golden6=-93.48  cmaes=-90.51  ( 20.3s)
free_kick      B=  40 grass2U rank 5/5  golden2=-47.35  cmaes=-45.34  golden6=-32.7  brent=-32.43  grass2U=-30.6  (  2.4s)
free_kick      B= 120 grass2U rank 4/5  golden2=-105.2  golden6=-101.6  cmaes=-75.58  grass2U=-48.42  brent=-39.29  (  9.2s)
free_kick      B= 360 grass2U rank 3/5  golden6=-108.9  golden2=-108.1  grass2U=-103.9  cmaes=-102.5  brent=-67.08  ( 22.1s)
free_kick      B=1080 grass2U rank 3/5  golden2=-114.9  golden6=-113.3  grass2U=-106.2  brent=-102.9  cmaes=-102.4  ( 66.8s)
mini_golf      B=  40 grass2U rank 5/5  cmaes=-99.98  brent=-99.55  golden6=-97.48  golden2=-74.04  grass2U=-51.39  (  0.3s)
mini_golf      B= 120 grass2U rank 4/5  golden6=-100  brent=-100  cmaes=-100  grass2U=-94.59  golden2=-90.66  (  1.2s)
mini_golf      B= 360 grass2U rank 4/5  golden6=-100  brent=-100  cmaes=-100  grass2U=-99.68  golden2=-97.13  (  4.3s)
mini_golf      B=1080 grass2U rank 1/5  grass2U=-100  golden6=-100  brent=-100  cmaes=-100  golden2=-99.52  ( 15.7s)
rosenbrock_d8  B=  40 grass2U rank 2/5  golden2=2.207e+09  grass2U=4.468e+09  cmaes=6.508e+09  golden6=1.199e+10  brent=1.879e+10  (  0.3s)
rosenbrock_d8  B= 120 grass2U rank 4/5  cmaes=1.113e+07  golden2=2.143e+08  golden6=4.263e+08  grass2U=6.187e+08  brent=1.113e+09  (  1.3s)
rosenbrock_d8  B= 360 grass2U rank 5/5  cmaes=3.003e+05  golden6=5.861e+05  brent=3.468e+06  golden2=9.296e+06  grass2U=4.609e+08  (  4.6s)
rosenbrock_d8  B=1080 grass2U rank 5/5  cmaes=370.7  golden6=5.195e+04  brent=5.346e+04  golden2=2.016e+06  grass2U=2.806e+08  ( 17.1s)
griewank_d8    B=  40 grass2U rank 3/5  golden2=63.58  cmaes=105.4  grass2U=106.2  golden6=120.3  brent=162.7  (  0.3s)
griewank_d8    B= 120 grass2U rank 2/5  cmaes=8.168  grass2U=18.21  golden6=23.81  golden2=23.81  brent=57.86  (  1.1s)
griewank_d8    B= 360 grass2U rank 4/5  golden6=2.601  cmaes=2.918  brent=4.086  grass2U=12.62  golden2=15.58  (  4.5s)
griewank_d8    B=1080 grass2U rank 4/5  cmaes=0.1049  brent=0.6951  golden6=1.684  grass2U=9.686  golden2=11.19  ( 16.8s)
rastrigin_d8   B=  40 grass2U rank 3/5  golden2=11.09  golden6=11.69  grass2U=11.82  cmaes=12.82  brent=13.52  (  0.3s)
rastrigin_d8   B= 120 grass2U rank 5/5  cmaes=6.958  golden2=8.288  golden6=9.052  brent=9.908  grass2U=10.56  (  1.1s)
rastrigin_d8   B= 360 grass2U rank 5/5  cmaes=3.239  golden2=5.207  golden6=6.052  brent=8.153  grass2U=8.836  (  4.2s)
rastrigin_d8   B=1080 grass2U rank 4/5  cmaes=2.334  golden2=4.195  golden6=4.972  grass2U=7.809  brent=8  ( 14.7s)
wrote budget_results.json
