bowling                d= 4 p= 0.29 grass rank 1/5 | grass3=-105  brent=-104  golden2=-104  golden6=-104  random=-103.5 | wins golden2:4/8 golden6:5/8 brent:3/8 random:5/8
                       (2002.2s)
plinko_funnel          d= 7 p= 1.05 grass rank 1/5 | grass3=-57  golden6=-50.75  golden2=-50.5  random=-46.88  brent=-28.25 | wins golden2:14/16 golden6:13/16 brent:15/16 random:13/16
                       ( 57.3s)
pool                   d= 3 p= 1.62 grass rank 3/5 | brent=-100  golden6=-100  grass3=-100  golden2=-100  random=-99.56 | wins golden2:12/24 golden6:11/24 brent:5/24 random:18/24
                       (  0.8s)
trebuchet              d= 4 p=  nan grass rank 4/5 | golden6=-78.81  golden2=-68.46  random=-37.7  grass3=-36.16  brent=0 | wins golden2:9/24 golden6:7/24 brent:12/24 random:12/24
                       (  0.8s)
mini_golf              d= 3 p= 1.93 grass rank 3/5 | golden6=-100  brent=-100  grass3=-98.12  random=-95.91  golden2=-90.66 | wins golden2:17/24 golden6:4/24 brent:4/24 random:17/24
                       (  0.9s)
curling                d= 4 p= 1.98 grass rank 3/5 | golden6=-98.29  golden2=-96.97  grass3=-91.38  brent=-89.55  random=-88.06 | wins golden2:7/24 golden6:8/24 brent:14/24 random:16/24
                       (  0.9s)
slingshot              d= 3 p= 1.19 grass rank 2/5 | golden6=-9  grass3=-8  golden2=-8  random=-8  brent=-6.5 | wins golden2:11/24 golden6:7/24 brent:16/24 random:11/24
                       ( 12.6s)
free_kick              d= 4 p= 0.92 grass rank 5/5 | golden2=-105.2  golden6=-101.6  random=-46.48  brent=-39.29  grass3=-32.92 | wins golden2:3/24 golden6:7/24 brent:13/24 random:10/24
                       (  6.1s)
goalkeeper_punt        d= 4 p= 1.66 grass rank 5/5 | golden6=-107.8  golden2=-107.3  brent=-106.6  random=-106.4  grass3=-106.3 | wins golden2:8/24 golden6:8/24 brent:13/24 random:11/24
                       (  4.2s)
darts_aim              d= 2 p= 1.27 grass rank 5/5 | golden6=-14.69  brent=-14.4  golden2=-14.13  random=-14.05  grass3=-13.25 | wins golden2:3/24 golden6:1/24 brent:3/24 random:7/24
                       (  5.5s)
brachistochrone        d= 8 p= 1.96 grass rank 3/5 | golden2=49.66  golden6=50.81  grass3=51.54  brent=52.83  random=57.94 | wins golden2:5/24 golden6:13/24 brent:16/24 random:19/24
                       (  0.8s)
rocket_landing         d=12 p= 1.37 grass rank 2/5 | golden2=-44.16  grass3=-1.863  random=17.31  golden6=38.86  brent=48.28 | wins golden2:9/24 golden6:17/24 brent:17/24 random:15/24
                       (  4.2s)
tuned_mass_damper      d= 4 p= 1.06 grass rank 5/5 | golden6=-43.74  golden2=-42.16  brent=-37.35  random=-36.59  grass3=-34.98 | wins golden2:1/8 golden6:0/8 brent:3/8 random:1/8
                       (129.2s)
robot_arm              d= 6 p= 1.14 grass rank 2/5 | golden6=-75.38  grass3=-75  golden2=-70.1  random=-67.95  brent=-60.13 | wins golden2:8/24 golden6:12/24 brent:17/24 random:12/24
                       (  1.1s)
cart_pole_policy       d= 5 p= 1.39 grass rank 4/5 | golden2=-351.9  random=-274.1  golden6=-220.8  grass3=-214.2  brent=-26.38 | wins golden2:8/24 golden6:13/24 brent:21/24 random:10/24
                       (  7.9s)
walking_creature       d= 6 p= 1.59 grass rank 3/5 | golden6=-61.71  golden2=-57.32  grass3=-53.08  brent=-52.71  random=-42.91 | wins golden2:12/24 golden6:8/24 brent:13/24 random:19/24
                       ( 10.0s)
boids_flocking         d= 5 p= 0.19 grass rank 1/5 | grass3=-100  golden2=-99.38  random=-96.88  golden6=-91.88  brent=-90.62 | wins golden2:4/8 golden6:6/8 brent:5/8 random:6/8
                       (243.6s)
tennis_doubles         d= 6 p= 0.90 grass rank 1/5 | grass3=-91.67  golden6=-91.67  random=-91.67  golden2=-83.33  brent=-75 | wins golden2:11/24 golden6:8/24 brent:19/24 random:4/24
                       (  6.8s)
lennard_jones_cluster  d=15 p= 1.97 grass rank 4/5 | golden2=-5.872  brent=-5.133  golden6=-5.019  grass3=-4.069  random=-4 | wins golden2:2/24 golden6:7/24 brent:7/24 random:14/24
                       (  0.8s)
bridge_truss           d=10 p= 1.92 grass rank 3/5 | golden2=56.84  golden6=75.51  grass3=80.38  brent=89.41  random=95.97 | wins golden2:2/24 golden6:12/24 brent:16/24 random:13/24
                       (  2.1s)
wind_farm              d=16 p= 1.61 grass rank 1/5 | grass3=-94.14  golden6=-93.61  random=-92.85  brent=-91  golden2=-90.57 | wins golden2:21/24 golden6:16/24 brent:21/24 random:18/24
                       (  4.2s)
satellite_phasing      d= 6 p= 1.95 grass rank 2/5 | golden6=1.243  grass3=1.252  brent=1.345  random=1.623  golden2=1.88 | wins golden2:22/24 golden6:15/24 brent:15/24 random:22/24
                       (  1.0s)
wrote family_results.json
