bowling                d= 4 powell_brent=-103  powell_grass=-102.5  powell_golden2=-102.5 | grass-vs-brent 3/8 wins (0 ties) (149.0s)
plinko_funnel          d= 7 powell_brent=-58.75  powell_golden2=-14.75  powell_grass=-12.12 | grass-vs-brent 0/16 wins (0 ties) (  7.6s)
pool                   d= 3 powell_brent=-100  powell_grass=-99.23  powell_golden2=-45.2 | grass-vs-brent 0/24 wins (0 ties) (  0.0s)
trebuchet              d= 4 powell_brent=-100  powell_grass=-21.11  powell_golden2=-5.121 | grass-vs-brent 2/24 wins (4 ties) (  0.0s)
mini_golf              d= 3 powell_brent=-100  powell_golden2=-30.11  powell_grass=-9.854 | grass-vs-brent 0/24 wins (0 ties) (  0.0s)
curling                d= 4 powell_brent=-100  powell_golden2=-90.84  powell_grass=-17.61 | grass-vs-brent 0/24 wins (0 ties) (  0.0s)
slingshot              d= 3 powell_brent=-8  powell_grass=-2.5  powell_golden2=0 | grass-vs-brent 5/24 wins (3 ties) (  1.0s)
free_kick              d= 4 powell_brent=-75.87  powell_grass=-48.9  powell_golden2=-47.19 | grass-vs-brent 7/24 wins (0 ties) (  0.6s)
goalkeeper_punt        d= 4 powell_brent=-106  powell_grass=-105.4  powell_golden2=-104.7 | grass-vs-brent 6/24 wins (0 ties) (  0.5s)
darts_aim              d= 2 powell_brent=-13.91  powell_golden2=-13.01  powell_grass=-12.58 | grass-vs-brent 1/24 wins (0 ties) (  0.5s)
brachistochrone        d= 8 powell_golden2=51.29  powell_brent=51.3  powell_grass=53.44 | grass-vs-brent 2/24 wins (0 ties) (  0.1s)
rocket_landing         d=12 powell_brent=-105.5  powell_golden2=-3.252  powell_grass=73.35 | grass-vs-brent 0/24 wins (0 ties) (  0.7s)
tuned_mass_damper      d= 4 powell_brent=-44.26  powell_golden2=-33.77  powell_grass=-31.99 | grass-vs-brent 0/16 wins (0 ties) ( 31.0s)
robot_arm              d= 6 powell_brent=-69.9  powell_golden2=-60.04  powell_grass=-52.13 | grass-vs-brent 5/24 wins (3 ties) (  0.1s)
cart_pole_policy       d= 5 powell_brent=-415.9  powell_grass=-58  powell_golden2=-52.38 | grass-vs-brent 5/24 wins (1 ties) (  2.0s)
walking_creature       d= 6 powell_brent=-47.65  powell_golden2=-33.72  powell_grass=-31.57 | grass-vs-brent 10/24 wins (0 ties) (  1.5s)
boids_flocking         d= 5 powell_brent=-92.5  powell_grass=-55.62  powell_golden2=-47.5 | grass-vs-brent 5/16 wins (1 ties) ( 54.2s)
tennis_doubles         d= 6 powell_grass=-75  powell_brent=-66.67  powell_golden2=-66.67 | grass-vs-brent 11/24 wins (5 ties) (  1.0s)
lennard_jones_cluster  d=15 powell_brent=-5.345  powell_grass=-4.607  powell_golden2=-1.806 | grass-vs-brent 9/24 wins (0 ties) (  0.3s)
bridge_truss           d=10 powell_brent=37.36  powell_golden2=57.07  powell_grass=63.23 | grass-vs-brent 3/24 wins (0 ties) (  0.4s)
wind_farm              d=16 powell_grass=-95.25  powell_brent=-72.52  powell_golden2=-69.92 | grass-vs-brent 24/24 wins (0 ties) (  1.4s)
satellite_phasing      d= 6 powell_brent=1.161  powell_grass=1.685  powell_golden2=10.33 | grass-vs-brent 0/24 wins (0 ties) (  0.2s)
wrote powell_swap_results.json
