bowling                d= 4 grass2U rank 4/11 (grass2U=-104) top3: DifferentialEvolution=-105  PRIMA_BOBYQA=-105  CMAEvolutionStrategy=-104 (2934.1s)
plinko_funnel          d= 7 grass2U rank 5/11 (grass2U=-57.12) top3: Alloy=-59.12  DifferentialEvolution=-58.75  Powell=-58.75 ( 83.7s)
pool                   d= 3 grass2U rank 10/11 (grass2U=-99.97) top3: CMAEvolutionStrategy=-100  Powell=-100  SimulatedAnnealing=-100 (  1.1s)
trebuchet              d= 4 grass2U rank 8/11 (grass2U=-57.3) top3: Powell=-100  Alloy=-99.89  CMAEvolutionStrategy=-93.33 (  1.2s)
mini_golf              d= 3 grass2U rank 10/11 (grass2U=-94.59) top3: CMAEvolutionStrategy=-100  DifferentialEvolution=-100  Powell=-100 (  1.2s)
curling                d= 4 grass2U rank 9/11 (grass2U=-93.51) top3: Powell=-100  NelderMead=-99.99  Alloy=-99.28 (  1.3s)
slingshot              d= 3 grass2U rank 2/11 (grass2U=-8) top3: DifferentialEvolution=-9  grass2U=-8  golden2=-8 ( 17.3s)
free_kick              d= 4 grass2U rank 6/11 (grass2U=-48.42) top3: golden2=-105.2  Alloy=-100.1  CMAEvolutionStrategy=-75.58 ( 10.1s)
goalkeeper_punt        d= 4 grass2U rank 8/11 (grass2U=-106.5) top3: NelderMead=-108.5  Rechenberg=-108  DifferentialEvolution=-107.7 (  6.9s)
darts_aim              d= 2 grass2U rank 9/11 (grass2U=-14.04) top3: Alloy=-14.73  DifferentialEvolution=-14.62  CMAEvolutionStrategy=-14.6 (  8.4s)
brachistochrone        d= 8 grass2U rank 8/11 (grass2U=52.28) top3: Alloy=48.64  DifferentialEvolution=48.92  Rechenberg=48.98 ( 10.2s)
rocket_landing         d=12 grass2U rank 5/11 (grass2U=-92.28) top3: Powell=-105.5  Rechenberg=-103.3  Alloy=-99.47 ( 22.6s)
tuned_mass_damper      d= 4 grass2U rank 8/11 (grass2U=-41.01) top3: PRIMA_BOBYQA=-46.85  Alloy=-44.12  NelderMead=-44.01 (305.4s)
robot_arm              d= 6 grass2U rank 2/11 (grass2U=-89.09) top3: Alloy=-93.68  grass2U=-89.09  DifferentialEvolution=-83.01 (  2.4s)
cart_pole_policy       d= 5 grass2U rank 4/11 (grass2U=-474.2) top3: Powell=-500  PRIMA_BOBYQA=-500  Alloy=-500 ( 17.6s)
walking_creature       d= 6 grass2U rank 7/11 (grass2U=-59.53) top3: Powell=-73.3  Alloy=-73.16  Rechenberg=-67.98 ( 15.3s)
boids_flocking         d= 5 grass2U rank 1/11 (grass2U=-100) top3: grass2U=-100  CMAEvolutionStrategy=-100  DifferentialEvolution=-100 (565.6s)
tennis_doubles         d= 6 grass2U rank 1/11 (grass2U=-91.67) top3: grass2U=-91.67  CMAEvolutionStrategy=-91.67  DifferentialEvolution=-91.67 (  8.6s)
lennard_jones_cluster  d=15 grass2U rank 5/11 (grass2U=-4.806) top3: golden2=-5.872  Alloy=-5.509  Powell=-5.502 ( 26.4s)
bridge_truss           d=10 grass2U rank 6/11 (grass2U=66.41) top3: Powell=38.36  Alloy=39.23  golden2=56.84 ( 15.3s)
wind_farm              d=16 grass2U rank 3/11 (grass2U=-94.44) top3: Alloy=-98  DifferentialEvolution=-94.53  grass2U=-94.44 ( 31.5s)
satellite_phasing      d= 6 grass2U rank 8/11 (grass2U=1.449) top3: Powell=1.205  Rechenberg=1.211  Alloy=1.235 (  2.0s)
wrote vs_sota_results.json
